{
  "version": "1.5.0",
  "plugins_used": [
    {
      "name": "ArtifactoryDetector"
    },
    {
      "name": "AWSKeyDetector"
    },
    {
      "name": "AzureStorageKeyDetector"
    },
    {
      "name": "Base64HighEntropyString",
      "limit": 4.5
    },
    {
      "name": "BasicAuthDetector"
    },
    {
      "name": "CloudantDetector"
    },
    {
      "name": "DiscordBotTokenDetector"
    },
    {
      "name": "GitHubTokenDetector"
    },
    {
      "name": "GitLabTokenDetector"
    },
    {
      "name": "HexHighEntropyString",
      "limit": 3.0
    },
    {
      "name": "IbmCloudIamDetector"
    },
    {
      "name": "IbmCosHmacDetector"
    },
    {
      "name": "IPPublicDetector"
    },
    {
      "name": "JwtTokenDetector"
    },
    {
      "name": "KeywordDetector",
      "keyword_exclude": ""
    },
    {
      "name": "MailchimpDetector"
    },
    {
      "name": "NpmDetector"
    },
    {
      "name": "OpenAIDetector"
    },
    {
      "name": "PrivateKeyDetector"
    },
    {
      "name": "PypiTokenDetector"
    },
    {
      "name": "SendGridDetector"
    },
    {
      "name": "SlackDetector"
    },
    {
      "name": "SoftlayerDetector"
    },
    {
      "name": "SquareOAuthDetector"
    },
    {
      "name": "StripeDetector"
    },
    {
      "name": "TelegramBotTokenDetector"
    },
    {
      "name": "TwilioKeyDetector"
    }
  ],
  "filters_used": [
    {
      "path": "detect_secrets.filters.allowlist.is_line_allowlisted"
    },
    {
      "path": "detect_secrets.filters.common.is_baseline_file",
      "filename": ".secrets.baseline"
    },
    {
      "path": "detect_secrets.filters.common.is_ignored_due_to_verification_policies",
      "min_level": 2
    },
    {
      "path": "detect_secrets.filters.heuristic.is_indirect_reference"
    },
    {
      "path": "detect_secrets.filters.heuristic.is_likely_id_string"
    },
    {
      "path": "detect_secrets.filters.heuristic.is_lock_file"
    },
    {
      "path": "detect_secrets.filters.heuristic.is_not_alphanumeric_string"
    },
    {
      "path": "detect_secrets.filters.heuristic.is_potential_uuid"
    },
    {
      "path": "detect_secrets.filters.heuristic.is_prefixed_with_dollar_sign"
    },
    {
      "path": "detect_secrets.filters.heuristic.is_sequential_string"
    },
    {
      "path": "detect_secrets.filters.heuristic.is_swagger_file"
    },
    {
      "path": "detect_secrets.filters.heuristic.is_templated_secret"
    },
    {
      "path": "detect_secrets.filters.regex.should_exclude_file",
      "pattern": [
        "\\.venv/|corpus/|proposals/|e2e-out/|tests/.*fixtures/|\\.git/"
      ]
    }
  ],
  "results": {
    "src/eurpe/intake/call_fetcher.py": [
      {
        "type": "Secret Keyword",
        "filename": "src/eurpe/intake/call_fetcher.py",
        "hashed_secret": "6b2dc3ebf45805481b6b15881d1f42136bf947fb",
        "is_verified": false,
        "line_number": 257
      }
    ],
    "tests/analytics/test_workflow_integration.py": [
      {
        "type": "Base64 High Entropy String",
        "filename": "tests/analytics/test_workflow_integration.py",
        "hashed_secret": "19eeb95667ca12b41cffd4da66a05a2b147ff61f",
        "is_verified": false,
        "line_number": 73
      }
    ],
    "tests/api/test_generation_routes.py": [
      {
        "type": "Base64 High Entropy String",
        "filename": "tests/api/test_generation_routes.py",
        "hashed_secret": "d96b2928931f1a7a7f6c0a042433b385d00b35c1",
        "is_verified": false,
        "line_number": 516
      }
    ],
    "tests/security/test_integration_egress.py": [
      {
        "type": "Secret Keyword",
        "filename": "tests/security/test_integration_egress.py",
        "hashed_secret": "47608732ac59599a49e87820c7652aaadbdc7282",
        "is_verified": false,
        "line_number": 263
      }
    ],
    "tests/test_call_fetcher.py": [
      {
        "type": "Base64 High Entropy String",
        "filename": "tests/test_call_fetcher.py",
        "hashed_secret": "d96b2928931f1a7a7f6c0a042433b385d00b35c1",
        "is_verified": false,
        "line_number": 39
      },
      {
        "type": "Base64 High Entropy String",
        "filename": "tests/test_call_fetcher.py",
        "hashed_secret": "f6c0f401cc414918553eff0443720e70939fb8ed",
        "is_verified": false,
        "line_number": 65
      }
    ],
    "tests/test_hashing.py": [
      {
        "type": "Hex High Entropy String",
        "filename": "tests/test_hashing.py",
        "hashed_secret": "d9f32bc5685e077455c61d70eb9d5008b4dc9fb4",
        "is_verified": false,
        "line_number": 35
      }
    ]
  },
  "generated_at": "2026-05-17T21:48:06Z"
}
